// Jest Snapshot v1, https://goo.gl/fbAQLP

exports[`GoalDetailScreen matches snapshot 1`] = `
<View
  onLayout={[Function]}
  style={
    {
      "flex": 1,
    }
  }
>
  <View
    style={
      [
        {
          "flex": 1,
        },
        undefined,
        undefined,
        undefined,
      ]
    }
  >
    <ViewManagerAdapter_ExpoLinearGradient
      colors={
        [
          4294965744,
          4294961607,
          4294955146,
          4294960053,
          4294964965,
        ]
      }
      endPoint={
        [
          0.5,
          1,
        ]
      }
      startPoint={
        [
          0.5,
          0,
        ]
      }
      style={
        {
          "flex": 1,
        }
      }
    >
      <View
        style={
          {
            "left": 0,
            "position": "absolute",
            "right": 0,
            "top": 0,
            "zIndex": 10,
          }
        }
      >
        <View
          accessibilityState={
            {
              "busy": undefined,
              "checked": undefined,
              "disabled": undefined,
              "expanded": undefined,
              "selected": undefined,
            }
          }
          accessibilityValue={
            {
              "max": undefined,
              "min": undefined,
              "now": undefined,
              "text": undefined,
            }
          }
          accessible={true}
          collapsable={false}
          focusable={true}
          onBlur={[Function]}
          onClick={[Function]}
          onFocus={[Function]}
          onResponderGrant={[Function]}
          onResponderMove={[Function]}
          onResponderRelease={[Function]}
          onResponderTerminate={[Function]}
          onResponderTerminationRequest={[Function]}
          onStartShouldSetResponder={[Function]}
          style={
            [
              {
                "alignItems": "center",
                "alignSelf": "flex-start",
                "borderRadius": 20,
                "elevation": 2,
                "justifyContent": "center",
                "left": 10,
                "maxWidth": 120,
                "minHeight": 36,
                "minWidth": 48,
                "overflow": "hidden",
                "paddingHorizontal": 16,
                "paddingVertical": 8,
                "position": "absolute",
                "shadowOffset": {
                  "height": 1,
                  "width": 0,
                },
                "shadowOpacity": 0.1,
                "shadowRadius": 2,
                "top": 50,
                "zIndex": 100,
              },
              undefined,
              {
                "backgroundColor": "transparent",
              },
            ]
          }
        >
          <View
            style={
              [
                {
                  "backgroundColor": "transparent",
                },
                {
                  "bottom": 0,
                  "left": 0,
                  "position": "absolute",
                  "right": 0,
                  "top": 0,
                },
              ]
            }
          >
            <ViewManagerAdapter_ExpoBlurView
              blurReductionFactor={4}
              experimentalBlurMethod="none"
              intensity={100}
              style={
                {
                  "bottom": 0,
                  "left": 0,
                  "position": "absolute",
                  "right": 0,
                  "top": 0,
                }
              }
              tint="systemChromeMaterial"
            />
          </View>
          <View
            pointerEvents="box-none"
            style={
              {
                "alignItems": "center",
                "flexDirection": "row",
                "height": "100%",
                "justifyContent": "center",
                "width": "100%",
              }
            }
          >
            <Text
              style={
                [
                  {
                    "color": "rgb(28, 28, 30)",
                  },
                  {
                    "fontSize": 16,
                    "fontWeight": "600",
                    "lineHeight": 24,
                  },
                  false,
                  undefined,
                ]
              }
            >
              <Text
                style={
                  [
                    {
                      "color": "rgb(28, 28, 30)",
                    },
                    {
                      "fontSize": 24,
                      "fontWeight": "700",
                      "lineHeight": 32,
                      "marginBottom": 4,
                    },
                    false,
                    [
                      {
                        "color": "rgb(0, 122, 255)",
                      },
                    ],
                  ]
                }
              >
                ‹
              </Text>
               
              back
            </Text>
          </View>
        </View>
      </View>
      <RCTScrollView
        collapsable={false}
        contentContainerStyle={
          [
            {
              "paddingBottom": 100,
              "paddingHorizontal": 18,
              "paddingTop": 100,
            },
            undefined,
            null,
          ]
        }
        handlerTag={-1}
        handlerType="NativeViewGestureHandler"
        onGestureHandlerEvent={[Function]}
        onGestureHandlerStateChange={[Function]}
      >
        <View>
          <View
            style={
              {
                "alignItems": "center",
                "marginBottom": 16,
              }
            }
          >
            <Text
              style={
                [
                  {
                    "color": "rgb(28, 28, 30)",
                  },
                  {
                    "fontSize": 32,
                    "fontWeight": "bold",
                    "lineHeight": 32,
                    "marginBottom": 8,
                  },
                  false,
                  {
                    "color": "rgb(0, 122, 255)",
                  },
                ]
              }
            >
              Main Goal
            </Text>
            <View
              style={
                [
                  {
                    "alignItems": "center",
                    "borderRadius": 60,
                    "borderWidth": 2,
                    "height": 90,
                    "justifyContent": "center",
                    "marginBottom": 10,
                    "width": 90,
                  },
                  {
                    "borderColor": undefined,
                  },
                ]
              }
            >
              <Text
                accessibilityElementsHidden={true}
                allowFontScaling={false}
                importantForAccessibility="no-hide-descendants"
                pointerEvents="none"
                selectable={false}
                style={
                  [
                    {
                      "color": "rgb(0, 122, 255)",
                      "fontSize": 50,
                    },
                    [
                      {
                        "lineHeight": 50,
                        "transform": [
                          {
                            "scaleX": 1,
                          },
                        ],
                      },
                      {
                        "backgroundColor": "transparent",
                      },
                    ],
                    {
                      "fontFamily": "material-community",
                      "fontStyle": "normal",
                      "fontWeight": "normal",
                    },
                    {},
                  ]
                }
              >
                󰓾
              </Text>
            </View>
            <Text
              style={
                [
                  {
                    "color": "rgb(28, 28, 30)",
                  },
                  {
                    "fontSize": 20,
                    "fontWeight": "bold",
                  },
                  false,
                  {
                    "color": "rgb(0, 122, 255)",
                  },
                ]
              }
            >
              Supp 1
            </Text>
            <Text
              style={
                [
                  {
                    "color": "rgb(28, 28, 30)",
                  },
                  {
                    "fontSize": 12,
                    "lineHeight": 20,
                  },
                  false,
                  undefined,
                ]
              }
            >
              0
               XP earned
            </Text>
            <View
              style={
                [
                  {
                    "alignItems": "center",
                    "width": "100%",
                  },
                  undefined,
                ]
              }
            >
              <View
                animated={true}
                animationConfig={
                  {
                    "bounciness": 0,
                  }
                }
                animationType="spring"
                indeterminate={false}
                indeterminateAnimationDuration={1000}
                onLayout={[Function]}
                progress={0}
                style={
                  [
                    {
                      "backgroundColor": undefined,
                      "borderColor": "rgba(0, 122, 255, 1)",
                      "borderRadius": 5,
                      "borderWidth": 0,
                      "overflow": "hidden",
                      "width": 200,
                    },
                    undefined,
                  ]
                }
                testID="progress-bar"
                useNativeDriver={false}
              >
                <View
                  collapsable={false}
                  style={
                    {
                      "backgroundColor": "rgba(0, 122, 255, 1)",
                      "height": 8,
                      "transform": [
                        {
                          "translateX": -7.105427357601002e-15,
                        },
                        {
                          "translateX": -100,
                        },
                        {
                          "scaleX": 0.0001,
                        },
                      ],
                    }
                  }
                />
              </View>
              <Text
                style={
                  [
                    {
                      "fontSize": 12,
                      "marginTop": 4,
                      "textAlign": "center",
                    },
                    {
                      "color": undefined,
                    },
                  ]
                }
              >
                0/3 questions explored
              </Text>
            </View>
          </View>
          <Text
            style={
              [
                {
                  "color": "rgb(28, 28, 30)",
                },
                {
                  "fontSize": 20,
                  "fontWeight": "bold",
                },
                false,
                [
                  {
                    "alignSelf": "flex-start",
                    "fontSize": 16,
                    "fontWeight": "700",
                    "marginBottom": 6,
                  },
                  {
                    "color": undefined,
                  },
                ],
              ]
            }
          >
            common:goalDetails.relevance
          </Text>
          <View
            style={
              [
                [
                  {
                    "borderRadius": 22,
                    "borderWidth": 2,
                    "marginVertical": 8,
                    "padding": 15,
                  },
                  {
                    "backgroundColor": undefined,
                    "borderColor": undefined,
                  },
                ],
                undefined,
              ]
            }
          >
            <View
              style={
                {
                  "alignItems": "center",
                  "flexDirection": "row",
                  "justifyContent": "space-between",
                  "marginBottom": 6,
                }
              }
            >
              <View
                style={
                  {
                    "alignItems": "center",
                    "flex": 1,
                    "flexDirection": "row",
                  }
                }
              >
                <Text
                  style={
                    [
                      {
                        "color": "rgb(28, 28, 30)",
                      },
                      {
                        "fontSize": 16,
                        "fontWeight": "700",
                        "lineHeight": 20,
                        "marginBottom": 4,
                      },
                      false,
                      [
                        {
                          "fontWeight": "bold",
                          "marginBottom": 6,
                          "textTransform": "uppercase",
                        },
                        {
                          "color": "rgb(0, 122, 255)",
                        },
                      ],
                    ]
                  }
                >
                  Main Goal
                </Text>
              </View>
            </View>
            <Text
              style={
                [
                  {
                    "color": "rgb(28, 28, 30)",
                  },
                  {
                    "fontSize": 12,
                    "lineHeight": 16,
                  },
                  false,
                  {
                    "marginBottom": 8,
                  },
                ]
              }
            >
              tips:undefined
            </Text>
          </View>
          <View
            style={
              [
                [
                  {
                    "borderRadius": 22,
                    "borderWidth": 2,
                    "marginVertical": 8,
                    "padding": 15,
                  },
                  {
                    "backgroundColor": undefined,
                    "borderColor": undefined,
                  },
                ],
                undefined,
              ]
            }
          >
            <View
              style={
                {
                  "alignItems": "center",
                  "flexDirection": "row",
                  "justifyContent": "space-between",
                  "marginBottom": 6,
                }
              }
            >
              <View
                style={
                  {
                    "alignItems": "center",
                    "flex": 1,
                    "flexDirection": "row",
                  }
                }
              >
                <Text
                  style={
                    [
                      {
                        "color": "rgb(28, 28, 30)",
                      },
                      {
                        "fontSize": 16,
                        "fontWeight": "700",
                        "lineHeight": 20,
                        "marginBottom": 4,
                      },
                      false,
                      [
                        {
                          "fontWeight": "bold",
                          "marginBottom": 6,
                          "textTransform": "uppercase",
                        },
                        {
                          "color": "rgb(0, 122, 255)",
                        },
                      ],
                    ]
                  }
                >
                  aiInsights
                </Text>
              </View>
            </View>
            <View
              accessibilityState={
                {
                  "busy": undefined,
                  "checked": undefined,
                  "disabled": undefined,
                  "expanded": undefined,
                  "selected": undefined,
                }
              }
              accessibilityValue={
                {
                  "max": undefined,
                  "min": undefined,
                  "now": undefined,
                  "text": undefined,
                }
              }
              accessible={true}
              collapsable={false}
              focusable={true}
              onBlur={[Function]}
              onClick={[Function]}
              onFocus={[Function]}
              onResponderGrant={[Function]}
              onResponderMove={[Function]}
              onResponderRelease={[Function]}
              onResponderTerminate={[Function]}
              onResponderTerminationRequest={[Function]}
              onStartShouldSetResponder={[Function]}
              style={
                [
                  {
                    "borderRadius": 8,
                    "borderWidth": 1,
                    "marginBottom": 8,
                    "paddingHorizontal": 16,
                    "paddingVertical": 12,
                  },
                  {
                    "backgroundColor": undefined,
                    "borderColor": undefined,
                  },
                  false,
                ]
              }
            >
              <Text
                style={
                  [
                    {
                      "color": "rgb(28, 28, 30)",
                    },
                    {
                      "fontSize": 12,
                      "lineHeight": 20,
                    },
                    false,
                    [
                      {
                        "fontSize": 16,
                      },
                      {
                        "color": undefined,
                      },
                    ],
                  ]
                }
              >
                📚
                 
                common:goalDetails.whatStudiesExist
                 (+5 XP)
              </Text>
            </View>
            <View
              accessibilityState={
                {
                  "busy": undefined,
                  "checked": undefined,
                  "disabled": undefined,
                  "expanded": undefined,
                  "selected": undefined,
                }
              }
              accessibilityValue={
                {
                  "max": undefined,
                  "min": undefined,
                  "now": undefined,
                  "text": undefined,
                }
              }
              accessible={true}
              collapsable={false}
              focusable={true}
              onBlur={[Function]}
              onClick={[Function]}
              onFocus={[Function]}
              onResponderGrant={[Function]}
              onResponderMove={[Function]}
              onResponderRelease={[Function]}
              onResponderTerminate={[Function]}
              onResponderTerminationRequest={[Function]}
              onStartShouldSetResponder={[Function]}
              style={
                [
                  {
                    "borderRadius": 8,
                    "borderWidth": 1,
                    "marginBottom": 8,
                    "paddingHorizontal": 16,
                    "paddingVertical": 12,
                  },
                  {
                    "backgroundColor": undefined,
                    "borderColor": undefined,
                  },
                  false,
                ]
              }
            >
              <Text
                style={
                  [
                    {
                      "color": "rgb(28, 28, 30)",
                    },
                    {
                      "fontSize": 12,
                      "lineHeight": 20,
                    },
                    false,
                    [
                      {
                        "fontSize": 16,
                      },
                      {
                        "color": undefined,
                      },
                    ],
                  ]
                }
              >
                👥
                 
                common:goalDetails.whoAreTheExperts
                 (+5 XP)
              </Text>
            </View>
            <View
              accessibilityState={
                {
                  "busy": undefined,
                  "checked": undefined,
                  "disabled": undefined,
                  "expanded": undefined,
                  "selected": undefined,
                }
              }
              accessibilityValue={
                {
                  "max": undefined,
                  "min": undefined,
                  "now": undefined,
                  "text": undefined,
                }
              }
              accessible={true}
              collapsable={false}
              focusable={true}
              onBlur={[Function]}
              onClick={[Function]}
              onFocus={[Function]}
              onResponderGrant={[Function]}
              onResponderMove={[Function]}
              onResponderRelease={[Function]}
              onResponderTerminate={[Function]}
              onResponderTerminationRequest={[Function]}
              onStartShouldSetResponder={[Function]}
              style={
                [
                  {
                    "borderRadius": 8,
                    "borderWidth": 1,
                    "marginBottom": 8,
                    "paddingHorizontal": 16,
                    "paddingVertical": 12,
                  },
                  {
                    "backgroundColor": undefined,
                    "borderColor": undefined,
                  },
                  false,
                ]
              }
            >
              <Text
                style={
                  [
                    {
                      "color": "rgb(28, 28, 30)",
                    },
                    {
                      "fontSize": 12,
                      "lineHeight": 20,
                    },
                    false,
                    [
                      {
                        "fontSize": 16,
                      },
                      {
                        "color": undefined,
                      },
                    ],
                  ]
                }
              >
                ⚠️
                 
                common:goalDetails.whatAreTheRisks
                 (+5 XP)
              </Text>
            </View>
          </View>
          <VerdictSelector
            onVerdictPress={[Function]}
          />
          <View
            style={
              [
                [
                  {
                    "borderRadius": 22,
                    "borderWidth": 2,
                    "marginVertical": 8,
                    "padding": 15,
                  },
                  {
                    "backgroundColor": undefined,
                    "borderColor": undefined,
                  },
                ],
                undefined,
              ]
            }
          >
            <View
              style={
                {
                  "alignItems": "center",
                  "flexDirection": "row",
                  "justifyContent": "space-between",
                  "marginBottom": 6,
                }
              }
            >
              <View
                style={
                  {
                    "alignItems": "center",
                    "flex": 1,
                    "flexDirection": "row",
                  }
                }
              >
                <Text
                  style={
                    [
                      {
                        "color": "rgb(28, 28, 30)",
                      },
                      {
                        "fontSize": 16,
                        "fontWeight": "700",
                        "lineHeight": 20,
                        "marginBottom": 4,
                      },
                      false,
                      [
                        {
                          "fontWeight": "bold",
                          "marginBottom": 6,
                          "textTransform": "uppercase",
                        },
                        {
                          "color": "rgb(0, 122, 255)",
                        },
                      ],
                    ]
                  }
                >
                  common:goalDetails.supplements
                </Text>
              </View>
            </View>
            <View
              style={
                [
                  {
                    "borderBottomWidth": 1,
                    "paddingVertical": 10,
                    "width": "100%",
                  },
                  {
                    "borderBottomColor": undefined,
                  },
                ]
              }
            >
              <View
                style={
                  {
                    "alignItems": "center",
                    "flexDirection": "row",
                    "justifyContent": "space-between",
                    "width": "100%",
                  }
                }
              >
                <View
                  style={
                    {
                      "flex": 1,
                      "marginRight": 12,
                    }
                  }
                >
                  <Text
                    ellipsizeMode="tail"
                    numberOfLines={1}
                    style={
                      [
                        {
                          "color": "rgb(28, 28, 30)",
                        },
                        {
                          "fontSize": 14,
                          "lineHeight": 18,
                        },
                        false,
                        [
                          {
                            "color": undefined,
                          },
                        ],
                      ]
                    }
                  >
                    Supp 1
                  </Text>
                </View>
                <View
                  accessibilityLabel="common:goalDetails.addToPlan"
                  accessibilityState={
                    {
                      "busy": undefined,
                      "checked": undefined,
                      "disabled": false,
                      "expanded": undefined,
                      "selected": undefined,
                    }
                  }
                  accessibilityValue={
                    {
                      "max": undefined,
                      "min": undefined,
                      "now": undefined,
                      "text": undefined,
                    }
                  }
                  accessible={true}
                  collapsable={false}
                  focusable={true}
                  onClick={[Function]}
                  onResponderGrant={[Function]}
                  onResponderMove={[Function]}
                  onResponderRelease={[Function]}
                  onResponderTerminate={[Function]}
                  onResponderTerminationRequest={[Function]}
                  onStartShouldSetResponder={[Function]}
                  style={
                    {
                      "alignItems": "center",
                      "borderColor": "rgb(0, 122, 255)",
                      "borderRadius": 12,
                      "borderWidth": 1.5,
                      "justifyContent": "center",
                      "opacity": 1,
                      "paddingHorizontal": 18,
                      "paddingVertical": 14,
                    }
                  }
                >
                  <Text
                    style={
                      [
                        {
                          "color": "rgb(28, 28, 30)",
                        },
                        {
                          "fontSize": 16,
                          "fontWeight": "600",
                          "lineHeight": 24,
                        },
                        false,
                        [
                          {
                            "fontWeight": "bold",
                            "letterSpacing": 1,
                            "textTransform": "uppercase",
                          },
                          {
                            "color": "rgb(0, 122, 255)",
                          },
                          false,
                        ],
                      ]
                    }
                  >
                    +
                  </Text>
                </View>
              </View>
            </View>
          </View>
        </View>
      </RCTScrollView>
    </ViewManagerAdapter_ExpoLinearGradient>
  </View>
  <RCTSafeAreaView
    pointerEvents="box-none"
    style={
      {
        "bottom": 0,
        "left": 0,
        "position": "absolute",
        "right": 0,
        "top": 0,
      }
    }
  >
    <View
      collapsable={false}
      onLayout={[Function]}
      pointerEvents="box-none"
      style={
        {
          "flex": 1,
        }
      }
    />
  </RCTSafeAreaView>
</View>
`;
